<html>
<body>
<pre>
<h1>µVision Build Log</h1>
<h2>Tool Versions:</h2>
IDE-Version: ¦ÌVision V5.14.0.0
Copyright (C) 2015 ARM Ltd and ARM Germany GmbH. All rights reserved.
License Information: test user, test, LIC=AK1VE-57PY9-VGX7J-UDBXQ-RQ76T-IL037
 
Tool Versions:
Toolchain:       MDK-ARM Professional  Version: 5.14.0.0
Toolchain Path:  C:\Keil_v5\ARM\ARMCC\Bin
C Compiler:      Armcc.exe V5.05 update 1 (build 106)
Assembler:       Armasm.exe V5.05 update 1 (build 106)
Linker/Locator:  ArmLink.exe V5.05 update 1 (build 106)
Library Manager: ArmAr.exe V5.05 update 1 (build 106)
Hex Converter:   FromElf.exe V5.05 update 1 (build 106)
CPU DLL:         SARMCM3.DLL V5.14.0.0
Dialog DLL:      DCM.DLL V1.13.1.0
Target DLL:      CMSIS_AGDI.dll V1.21.0.0
Dialog DLL:      TCM.DLL V1.14.4.0
 
<h2>Project:</h2>
C:\Users\Administrator\Downloads\czj-3\czj\czj\18-AT32-VLGL-ESP2-freertos-8310template\project\mdk_v5\lvgl_demo.uvprojx
Project File Date:  05/11/2025

<h2>Output:</h2>
Build target 'lvgl_desktop_demo'
compiling events_init.c...
linking...
Program Size: Code=169708 RO-data=588172 RW-data=1812 ZI-data=264268  
FromELF: creating hex file...
".\objects\lvgl_desktop_demo.axf" - 0 Error(s), 0 Warning(s).

<h2>Collection of Component include folders:</h2>
  C:\Users\Administrator\Downloads\czj-3\czj\czj\18-AT32-VLGL-ESP2-freertos-8310template\project\mdk_v5\RTE
  C:\Keil_v5\ARM\PACK\ArteryTek\AT32F435_437_DFP\2.1.3

<h2>Collection of Component Files used:</h2>
</pre>
</body>
</html>
